This is pdfTeX, Version 3.14159265-2.6-1.40.18 (TeX Live 2017/Debian) (preloaded format=pdflatex 2023.8.1)  6 SEP 2023 13:28
entering extended mode
 restricted \write18 enabled.
 file:line:error style messages enabled.
 %&-line parsing enabled.
**/mnt/d/LocalLaptop/BU/courses/2023-Spring/CS_561/Project/LSMRangeDeletes/text/paper-draft/paper.tex
(/mnt/d/LocalLaptop/BU/courses/2023-Spring/CS_561/Project/LSMRangeDeletes/text/paper-draft/paper.tex
LaTeX2e <2017-04-15>
Babel <3.18> and hyphenation patterns for 7 language(s) loaded.
(/mnt/d/LocalLaptop/BU/courses/2023-Spring/CS_561/Project/LSMRangeDeletes/text/paper-draft/acmart.cls
Document Class: acmart 2023/03/30 v1.90 Typesetting articles for the Association for Computing Machinery
(/usr/share/texlive/texmf-dist/tex/latex/xkeyval/xkeyval.sty
Package: xkeyval 2014/12/03 v2.7a package option processing (HA)
 (/usr/share/texlive/texmf-dist/tex/generic/xkeyval/xkeyval.tex (/usr/share/texlive/texmf-dist/tex/generic/xkeyval/xkvutils.tex
\XKV@toks=\toks14
\XKV@tempa@toks=\toks15
 (/usr/share/texlive/texmf-dist/tex/generic/xkeyval/keyval.tex))
\XKV@depth=\count79
File: xkeyval.tex 2014/12/03 v2.7a key=value parser (HA)
)) (/usr/share/texlive/texmf-dist/tex/generic/xstring/xstring.sty (/usr/share/texlive/texmf-dist/tex/generic/xstring/xstring.tex
\@xs@message=\write3
\integerpart=\count80
\decimalpart=\count81
)
Package: xstring 2013/10/13  v1.7c  String manipulations (C Tellechea)
) (/usr/share/texlive/texmf-dist/tex/generic/iftex/iftex.sty
Package: iftex 2013/04/04 v0.2 Provides if(tex) conditional for PDFTeX, XeTeX, and LuaTeX
)
Package acmart Info: Not using screen mode on input line 76.
Package acmart Info: Using breaking urls on hyphens on input line 84.
Package acmart Info: Requiring acmthm on input line 92.
Package acmart Info: Not using review mode on input line 101.
Package acmart Info: Not using authorversion mode on input line 109.
Package acmart Info: Not using nonacm mode on input line 121.
Package acmart Info: Explicitly selecting natbib mode on input line 137.
Package acmart Info: Not using anonymous mode on input line 145.
Package acmart Info: Not using timestamp mode on input line 153.
Package acmart Info: Not using authordraft mode on input line 163.
Class acmart Info: Using format sigconf, number 4 on input line 178.
Class acmart Info: Using fontsize 9pt on input line 277.
 (/usr/share/texlive/texmf-dist/tex/latex/amscls/amsart.cls
Document Class: amsart 2017/10/31 v2.20.4
\linespacing=\dimen102
\normalparindent=\dimen103
\normaltopskip=\skip41
(/usr/share/texlive/texmf-dist/tex/latex/amsmath/amsmath.sty
Package: amsmath 2017/09/02 v2.17a AMS math features
\@mathmargin=\skip42

For additional information on amsmath, use the `?' option.
(/usr/share/texlive/texmf-dist/tex/latex/amsmath/amstext.sty
Package: amstext 2000/06/29 v2.01 AMS text
 (/usr/share/texlive/texmf-dist/tex/latex/amsmath/amsgen.sty
File: amsgen.sty 1999/11/30 v2.0 generic functions
\@emptytoks=\toks16
\ex@=\dimen104
)) (/usr/share/texlive/texmf-dist/tex/latex/amsmath/amsbsy.sty
Package: amsbsy 1999/11/29 v1.2d Bold Symbols
\pmbraise@=\dimen105
) (/usr/share/texlive/texmf-dist/tex/latex/amsmath/amsopn.sty
Package: amsopn 2016/03/08 v2.02 operator names
)
\inf@bad=\count82
LaTeX Info: Redefining \frac on input line 213.
\uproot@=\count83
\leftroot@=\count84
LaTeX Info: Redefining \overline on input line 375.
\classnum@=\count85
\DOTSCASE@=\count86
LaTeX Info: Redefining \ldots on input line 472.
LaTeX Info: Redefining \dots on input line 475.
LaTeX Info: Redefining \cdots on input line 596.
\Mathstrutbox@=\box26
\strutbox@=\box27
\big@size=\dimen106
LaTeX Font Info:    Redeclaring font encoding OML on input line 712.
LaTeX Font Info:    Redeclaring font encoding OMS on input line 713.
\macc@depth=\count87
\c@MaxMatrixCols=\count88
\dotsspace@=\muskip10
\c@parentequation=\count89
\dspbrk@lvl=\count90
\tag@help=\toks17
\row@=\count91
\column@=\count92
\maxfields@=\count93
\andhelp@=\toks18
\eqnshift@=\dimen107
\alignsep@=\dimen108
\tagshift@=\dimen109
\tagwidth@=\dimen110
\totwidth@=\dimen111
\lineht@=\dimen112
\@envbody=\toks19
\multlinegap=\skip43
\multlinetaggap=\skip44
\mathdisplay@stack=\toks20
LaTeX Info: Redefining \[ on input line 2817.
LaTeX Info: Redefining \] on input line 2818.
)
LaTeX Font Info:    Try loading font information for U+msa on input line 398.
 (/usr/share/texlive/texmf-dist/tex/latex/amsfonts/umsa.fd
File: umsa.fd 2013/01/14 v3.01 AMS symbols A
) (/usr/share/texlive/texmf-dist/tex/latex/amsfonts/amsfonts.sty
Package: amsfonts 2013/01/14 v3.01 Basic AMSFonts support
\symAMSa=\mathgroup4
\symAMSb=\mathgroup5
LaTeX Font Info:    Overwriting math alphabet `\mathfrak' in version `bold'
(Font)                  U/euf/m/n --> U/euf/b/n on input line 106.
)
\copyins=\insert199
\abstractbox=\box28
\listisep=\skip45
\c@part=\count94
\c@section=\count95
\c@subsection=\count96
\c@subsubsection=\count97
\c@paragraph=\count98
\c@subparagraph=\count99
\c@figure=\count100
\c@table=\count101
\abovecaptionskip=\skip46
\belowcaptionskip=\skip47
\captionindent=\dimen113
\thm@style=\toks21
\thm@bodyfont=\toks22
\thm@headfont=\toks23
\thm@notefont=\toks24
\thm@headpunct=\toks25
\thm@preskip=\skip48
\thm@postskip=\skip49
\thm@headsep=\skip50
\dth@everypar=\toks26
) (/usr/share/texlive/texmf-dist/tex/latex/microtype/microtype.sty
Package: microtype 2018/01/14 v2.7a Micro-typographical refinements (RS)
\MT@toks=\toks27
\MT@count=\count102
LaTeX Info: Redefining \textls on input line 793.
\MT@outer@kern=\dimen114
LaTeX Info: Redefining \textmicrotypecontext on input line 1339.
\MT@listname@count=\count103
 (/usr/share/texlive/texmf-dist/tex/latex/microtype/microtype-pdftex.def
File: microtype-pdftex.def 2018/01/14 v2.7a Definitions specific to pdftex (RS)
LaTeX Info: Redefining \lsstyle on input line 913.
LaTeX Info: Redefining \lslig on input line 913.
\MT@outer@space=\skip51
)
Package microtype Info: Loading configuration file microtype.cfg.
 (/usr/share/texlive/texmf-dist/tex/latex/microtype/microtype.cfg
File: microtype.cfg 2018/01/14 v2.7a microtype main configuration file (RS)
)) (/usr/share/texlive/texmf-dist/tex/latex/etoolbox/etoolbox.sty
Package: etoolbox 2018/02/11 v2.5e e-TeX tools for LaTeX (JAW)
\etb@tempcnta=\count104
) (/usr/share/texlive/texmf-dist/tex/latex/booktabs/booktabs.sty
Package: booktabs 2016/04/27 v1.618033 publication quality tables
\heavyrulewidth=\dimen115
\lightrulewidth=\dimen116
\cmidrulewidth=\dimen117
\belowrulesep=\dimen118
\belowbottomsep=\dimen119
\aboverulesep=\dimen120
\abovetopsep=\dimen121
\cmidrulesep=\dimen122
\cmidrulekern=\dimen123
\defaultaddspace=\dimen124
\@cmidla=\count105
\@cmidlb=\count106
\@aboverulesep=\dimen125
\@belowrulesep=\dimen126
\@thisruleclass=\count107
\@lastruleclass=\count108
\@thisrulewidth=\dimen127
) (/usr/share/texlive/texmf-dist/tex/latex/oberdiek/refcount.sty
Package: refcount 2016/05/16 v3.5 Data extraction from label references (HO)
 (/usr/share/texlive/texmf-dist/tex/generic/oberdiek/ltxcmds.sty
Package: ltxcmds 2016/05/16 v1.23 LaTeX kernel commands for general use (HO)
) (/usr/share/texlive/texmf-dist/tex/generic/oberdiek/infwarerr.sty
Package: infwarerr 2016/05/16 v1.4 Providing info/warning/error messages (HO)
)) (/usr/share/texlive/texmf-dist/tex/latex/totpages/totpages.sty
Package: totpages 2005/09/19 v2.00 Totpages Package (muewi)
 (/usr/share/texlive/texmf-dist/tex/latex/ms/everyshi.sty
Package: everyshi 2001/05/15 v3.00 EveryShipout Package (MS)
)) (/usr/share/texlive/texmf-dist/tex/latex/environ/environ.sty
Package: environ 2014/05/04 v0.3 A new way to define environments
 (/usr/share/texlive/texmf-dist/tex/latex/trimspaces/trimspaces.sty
Package: trimspaces 2009/09/17 v1.1 Trim spaces around a token list
)) (/usr/share/texlive/texmf-dist/tex/latex/textcase/textcase.sty
Package: textcase 2004/10/07 v0.07 Text only upper/lower case changing (DPC)
)
\@ACM@acmcp@delta=\dimen128
 (/usr/share/texlive/texmf-dist/tex/latex/natbib/natbib.sty
Package: natbib 2010/09/13 8.31b (PWD, AO)
\bibhang=\skip52
\bibsep=\skip53
LaTeX Info: Redefining \cite on input line 694.
\c@NAT@ctr=\count109
) (/usr/share/texlive/texmf-dist/tex/latex/hyperxmp/hyperxmp.sty
Package: hyperxmp 2017/11/26 v3.4 Store hyperref metadata in XMP format
 (/usr/share/texlive/texmf-dist/tex/latex/oberdiek/atenddvi.sty
Package: atenddvi 2016/05/16 v1.2 At end DVI hook (HO)
 (/usr/share/texlive/texmf-dist/tex/latex/oberdiek/zref-abspage.sty
Package: zref-abspage 2016/05/21 v2.26 Module abspage for zref (HO)
 (/usr/share/texlive/texmf-dist/tex/latex/oberdiek/zref-base.sty
Package: zref-base 2016/05/21 v2.26 Module base for zref (HO)
 (/usr/share/texlive/texmf-dist/tex/generic/oberdiek/kvsetkeys.sty
Package: kvsetkeys 2016/05/16 v1.17 Key value parser (HO)
 (/usr/share/texlive/texmf-dist/tex/generic/oberdiek/etexcmds.sty
Package: etexcmds 2016/05/16 v1.6 Avoid name clashes with e-TeX commands (HO)
 (/usr/share/texlive/texmf-dist/tex/generic/oberdiek/ifluatex.sty
Package: ifluatex 2016/05/16 v1.4 Provides the ifluatex switch (HO)
Package ifluatex Info: LuaTeX not detected.
)
Package etexcmds Info: Could not find \expanded.
(etexcmds)             That can mean that you are not using pdfTeX 1.50 or
(etexcmds)             that some package has redefined \expanded.
(etexcmds)             In the latter case, load this package earlier.
)) (/usr/share/texlive/texmf-dist/tex/generic/oberdiek/kvdefinekeys.sty
Package: kvdefinekeys 2016/05/16 v1.4 Define keys (HO)
) (/usr/share/texlive/texmf-dist/tex/generic/oberdiek/pdftexcmds.sty
Package: pdftexcmds 2018/01/21 v0.26 Utility functions of pdfTeX for LuaTeX (HO)
 (/usr/share/texlive/texmf-dist/tex/generic/oberdiek/ifpdf.sty
Package: ifpdf 2017/03/15 v3.2 Provides the ifpdf switch
)
Package pdftexcmds Info: LuaTeX not detected.
Package pdftexcmds Info: \pdf@primitive is available.
Package pdftexcmds Info: \pdf@ifprimitive is available.
Package pdftexcmds Info: \pdfdraftmode found.
) (/usr/share/texlive/texmf-dist/tex/latex/oberdiek/auxhook.sty
Package: auxhook 2016/05/16 v1.4 Hooks for auxiliary files (HO)
)
Package zref Info: New property list: main on input line 759.
Package zref Info: New property: default on input line 760.
Package zref Info: New property: page on input line 761.
) (/usr/share/texlive/texmf-dist/tex/generic/oberdiek/atbegshi.sty
Package: atbegshi 2016/06/09 v1.18 At begin shipout hook (HO)
)
\c@abspage=\count110
Package zref Info: New property: abspage on input line 62.
) (/usr/share/texlive/texmf-dist/tex/latex/oberdiek/zref-lastpage.sty
Package: zref-lastpage 2016/05/21 v2.26 Module lastpage for zref (HO)
 (/usr/share/texlive/texmf-dist/tex/latex/oberdiek/atveryend.sty
Package: atveryend 2016/05/16 v1.9 Hooks at the very end of document (HO)
)
Package zref Info: New property list: LastPage on input line 55.
)) (/usr/share/texlive/texmf-dist/tex/latex/oberdiek/kvoptions.sty
Package: kvoptions 2016/05/16 v3.12 Key value format for package options (HO)
) (/usr/share/texlive/texmf-dist/tex/generic/oberdiek/pdfescape.sty
Package: pdfescape 2016/05/16 v1.14 Implements pdfTeX's escape features (HO)
) (/usr/share/texlive/texmf-dist/tex/generic/oberdiek/stringenc.sty
Package: stringenc 2016/05/16 v1.11 Convert strings between diff. encodings (HO)
) (/usr/share/texlive/texmf-dist/tex/generic/oberdiek/intcalc.sty
Package: intcalc 2016/05/16 v1.2 Expandable calculations with integers (HO)
) (/usr/share/texlive/texmf-dist/tex/generic/ifxetex/ifxetex.sty
Package: ifxetex 2010/09/12 v0.6 Provides ifxetex conditional
) (/usr/share/texlive/texmf-dist/tex/latex/ifmtarg/ifmtarg.sty
Package: ifmtarg 2009/09/02 v1.2a check for an empty argument
)) (/usr/share/texlive/texmf-dist/tex/latex/hyperref/hyperref.sty
Package: hyperref 2018/02/06 v6.86b Hypertext links for LaTeX
 (/usr/share/texlive/texmf-dist/tex/generic/oberdiek/hobsub-hyperref.sty
Package: hobsub-hyperref 2016/05/16 v1.14 Bundle oberdiek, subset hyperref (HO)
 (/usr/share/texlive/texmf-dist/tex/generic/oberdiek/hobsub-generic.sty
Package: hobsub-generic 2016/05/16 v1.14 Bundle oberdiek, subset generic (HO)
Package: hobsub 2016/05/16 v1.14 Construct package bundles (HO)
Package hobsub Info: Skipping package `infwarerr' (already loaded).
Package hobsub Info: Skipping package `ltxcmds' (already loaded).
Package hobsub Info: Skipping package `ifluatex' (already loaded).
Package: ifvtex 2016/05/16 v1.6 Detect VTeX and its facilities (HO)
Package ifvtex Info: VTeX not detected.
Package hobsub Info: Skipping package `intcalc' (already loaded).
Package hobsub Info: Skipping package `ifpdf' (already loaded).
Package hobsub Info: Skipping package `etexcmds' (already loaded).
Package hobsub Info: Skipping package `kvsetkeys' (already loaded).
Package hobsub Info: Skipping package `kvdefinekeys' (already loaded).
Package hobsub Info: Skipping package `pdftexcmds' (already loaded).
Package hobsub Info: Skipping package `pdfescape' (already loaded).
Package: bigintcalc 2016/05/16 v1.4 Expandable calculations on big integers (HO)
Package: bitset 2016/05/16 v1.2 Handle bit-vector datatype (HO)
Package: uniquecounter 2016/05/16 v1.3 Provide unlimited unique counter (HO)
)
Package hobsub Info: Skipping package `hobsub' (already loaded).
Package: letltxmacro 2016/05/16 v1.5 Let assignment for LaTeX macros (HO)
Package: hopatch 2016/05/16 v1.3 Wrapper for package hooks (HO)
Package: xcolor-patch 2016/05/16 xcolor patch
Package hobsub Info: Skipping package `atveryend' (already loaded).
Package hobsub Info: Skipping package `atbegshi' (already loaded).
Package hobsub Info: Skipping package `refcount' (already loaded).
Package: hycolor 2016/05/16 v1.8 Color options for hyperref/bookmark (HO)
)
\@linkdim=\dimen129
\Hy@linkcounter=\count111
\Hy@pagecounter=\count112
 (/usr/share/texlive/texmf-dist/tex/latex/hyperref/pd1enc.def
File: pd1enc.def 2018/02/06 v6.86b Hyperref: PDFDocEncoding definition (HO)
)
\Hy@SavedSpaceFactor=\count113
 (/usr/share/texlive/texmf-dist/tex/latex/latexconfig/hyperref.cfg
File: hyperref.cfg 2002/06/06 v1.2 hyperref configuration of TeXLive
)
Package hyperref Info: Option `bookmarksnumbered' set `true' on input line 4383.
Package hyperref Info: Option `unicode' set `true' on input line 4383.
 (/usr/share/texlive/texmf-dist/tex/latex/hyperref/puenc.def
File: puenc.def 2018/02/06 v6.86b Hyperref: PDF Unicode definition (HO)
)
Package hyperref Info: Hyper figures OFF on input line 4509.
Package hyperref Info: Link nesting OFF on input line 4514.
Package hyperref Info: Hyper index ON on input line 4517.
Package hyperref Info: Plain pages OFF on input line 4524.
Package hyperref Info: Backreferencing OFF on input line 4529.
Package hyperref Info: Implicit mode ON; LaTeX internals redefined.
Package hyperref Info: Bookmarks ON on input line 4762.
\c@Hy@tempcnt=\count114
 (/usr/share/texlive/texmf-dist/tex/latex/url/url.sty
\Urlmuskip=\muskip11
Package: url 2013/09/16  ver 3.4  Verb mode for urls, etc.
)
LaTeX Info: Redefining \url on input line 5115.
\XeTeXLinkMargin=\dimen130
\Fld@menulength=\count115
\Field@Width=\dimen131
\Fld@charsize=\dimen132
Package hyperref Info: Hyper figures OFF on input line 6369.
Package hyperref Info: Link nesting OFF on input line 6374.
Package hyperref Info: Hyper index ON on input line 6377.
Package hyperref Info: backreferencing OFF on input line 6384.
Package hyperref Info: Link coloring OFF on input line 6389.
Package hyperref Info: Link coloring with OCG OFF on input line 6394.
Package hyperref Info: PDF/A mode OFF on input line 6399.
LaTeX Info: Redefining \ref on input line 6439.
LaTeX Info: Redefining \pageref on input line 6443.
\Hy@abspage=\count116
\c@Item=\count117
\c@Hfootnote=\count118
)
Package hyperref Info: Driver (autodetected): hpdftex.
 (/usr/share/texlive/texmf-dist/tex/latex/hyperref/hpdftex.def
File: hpdftex.def 2018/02/06 v6.86b Hyperref driver for pdfTeX
\HyAnn@Count=\count119
\Fld@listcount=\count120
\c@bookmark@seq@number=\count121
 (/usr/share/texlive/texmf-dist/tex/latex/oberdiek/rerunfilecheck.sty
Package: rerunfilecheck 2016/05/16 v1.8 Rerun checks for auxiliary files (HO)
Package uniquecounter Info: New unique counter `rerunfilecheck' on input line 282.
)
\Hy@SectionHShift=\skip54
) (/usr/share/texlive/texmf-dist/tex/latex/graphics/graphicx.sty
Package: graphicx 2017/06/01 v1.1a Enhanced LaTeX Graphics (DPC,SPQR)
 (/usr/share/texlive/texmf-dist/tex/latex/graphics/graphics.sty
Package: graphics 2017/06/25 v1.2c Standard LaTeX Graphics (DPC,SPQR)
 (/usr/share/texlive/texmf-dist/tex/latex/graphics/trig.sty
Package: trig 2016/01/03 v1.10 sin cos tan (DPC)
) (/usr/share/texlive/texmf-dist/tex/latex/graphics-cfg/graphics.cfg
File: graphics.cfg 2016/06/04 v1.11 sample graphics configuration
)
Package graphics Info: Driver file: pdftex.def on input line 99.
 (/usr/share/texlive/texmf-dist/tex/latex/graphics-def/pdftex.def
File: pdftex.def 2018/01/08 v1.0l Graphics/color driver for pdftex
))
\Gin@req@height=\dimen133
\Gin@req@width=\dimen134
) (/usr/share/texlive/texmf-dist/tex/latex/xcolor/xcolor.sty
Package: xcolor 2016/05/11 v2.12 LaTeX color extensions (UK)
 (/usr/share/texlive/texmf-dist/tex/latex/graphics-cfg/color.cfg
File: color.cfg 2016/01/02 v1.6 sample color configuration
)
Package xcolor Info: Driver file: pdftex.def on input line 225.
Package xcolor Info: Model `cmy' substituted by `cmy0' on input line 1348.
Package xcolor Info: Model `hsb' substituted by `rgb' on input line 1352.
Package xcolor Info: Model `RGB' extended on input line 1364.
Package xcolor Info: Model `HTML' substituted by `rgb' on input line 1366.
Package xcolor Info: Model `Hsb' substituted by `hsb' on input line 1367.
Package xcolor Info: Model `tHsb' substituted by `hsb' on input line 1368.
Package xcolor Info: Model `HSB' substituted by `hsb' on input line 1369.
Package xcolor Info: Model `Gray' substituted by `gray' on input line 1370.
Package xcolor Info: Model `wave' substituted by `hsb' on input line 1371.
) (/usr/share/texlive/texmf-dist/tex/latex/geometry/geometry.sty
Package: geometry 2010/09/12 v5.6 Page Geometry
\Gm@cnth=\count122
\Gm@cntv=\count123
\c@Gm@tempcnt=\count124
\Gm@bindingoffset=\dimen135
\Gm@wd@mp=\dimen136
\Gm@odd@mp=\dimen137
\Gm@even@mp=\dimen138
\Gm@layoutwidth=\dimen139
\Gm@layoutheight=\dimen140
\Gm@layouthoffset=\dimen141
\Gm@layoutvoffset=\dimen142
\Gm@dimlist=\toks28
) (/usr/share/texlive/texmf-dist/tex/latex/ncctools/manyfoot.sty
Package: manyfoot 2005/09/11 v1.10 Many Footnote Levels Package (NCC)
 (/usr/share/texlive/texmf-dist/tex/latex/ncctools/nccfoots.sty
Package: nccfoots 2005/02/03 v1.2 NCC Footnotes Package (NCC)
)
\MFL@columnwidth=\dimen143
)
\footinsauthorsaddresses=\insert198
\c@footnoteauthorsaddresses=\count125
\footinscopyrightpermission=\insert197
\c@footnotecopyrightpermission=\count126
 (/usr/share/texlive/texmf-dist/tex/generic/pdftex/glyphtounicode.tex) (/usr/share/texlive/texmf-dist/tex/latex/cmap/cmap.sty
Package: cmap 2008/03/06 v1.0h CMap support: searchable PDF
)

Class acmart Warning: You do not have the libertine package installed. Please upgrade your TeX on input line 851.


Class acmart Warning: You do not have the inconsolata (zi4.sty) package installed. Please upgrade your TeX on input line 854.


Class acmart Warning: You do not have the newtxmath package installed. Please upgrade your TeX on input line 857.

(/usr/share/texlive/texmf-dist/tex/latex/caption/caption.sty
Package: caption 2016/02/21 v3.3-144 Customizing captions (AR)
 (/usr/share/texlive/texmf-dist/tex/latex/caption/caption3.sty
Package: caption3 2016/05/22 v1.7-166 caption3 kernel (AR)
Package caption3 Info: TeX engine: e-TeX on input line 67.
\captionmargin=\dimen144
\captionmargin@=\dimen145
\captionwidth=\dimen146
\caption@tempdima=\dimen147
\caption@indent=\dimen148
\caption@parindent=\dimen149
\caption@hangindent=\dimen150
)
Package caption Info: AMS or SMF document class.
\c@ContinuedFloat=\count127
Package caption Info: hyperref package is loaded.
) (/usr/share/texlive/texmf-dist/tex/latex/float/float.sty
Package: float 2001/11/08 v1.3d Float enhancements (AL)
\c@float@type=\count128
\float@exts=\toks29
\float@box=\box29
\@float@everytoks=\toks30
\@floatcapt=\box30
)
\@float@every@sidebar=\toks31
\c@sidebar=\count129
\fulltextwidth=\dimen151
\@ACM@labelwidth=\dimen152
\listisep=\skip55
\num@authorgroups=\count130
\num@authors=\count131
\@ACM@badge@width=\skip56
\@ACM@title@width=\skip57
\@ACM@badge@skip=\skip58
Class acmart Info: Printing CCS on input line 1729.
Class acmart Info: Printing bibformat on input line 1729.
Class acmart Info: Suppressing folios on input line 1736.
Class acmart Info: Setting authorsperrow to 0 on input line 1739.
 (/usr/share/texlive/texmf-dist/tex/latex/comment/comment.sty
\CommentStream=\write4
 Excluding comment 'comment') Excluding comment 'CCSXML'
\c@@concepts=\count132
\mktitle@bx=\box31
\@ACM@acmcpbox=\box32
\@ACM@commabox=\box33
\author@bx=\box34
\author@bx@wd=\dimen153
\author@bx@sep=\skip59
 (/usr/share/texlive/texmf-dist/tex/latex/fancyhdr/fancyhdr.sty
Package: fancyhdr 2017/06/30 v3.9a Extensive control of page headers and footers
\f@nch@headwidth=\skip60
\f@nch@O@elh=\skip61
\f@nch@O@erh=\skip62
\f@nch@O@olh=\skip63
\f@nch@O@orh=\skip64
\f@nch@O@elf=\skip65
\f@nch@O@erf=\skip66
\f@nch@O@olf=\skip67
\f@nch@O@orf=\skip68
)
\@folio@wd=\dimen154
\@folio@ht=\dimen155
\@folio@voffset=\dimen156
 Special comment 'acks') (/usr/share/texlive/texmf-dist/tex/latex/algorithm2e/algorithm2e.sty
Package: algorithm2e 2017/07/18 v5.2 algorithms environments
\c@AlgoLine=\count133
 (/usr/share/texlive/texmf-dist/tex/latex/base/ifthen.sty
Package: ifthen 2014/09/29 v1.1c Standard LaTeX ifthen package (DPC)
)
\algocf@hangindent=\skip69
 (/usr/share/texlive/texmf-dist/tex/latex/ifoddpage/ifoddpage.sty
Package: ifoddpage 2016/04/23 v1.1 Conditionals for odd/even page detection
\c@checkoddpage=\count134
) (/usr/share/texlive/texmf-dist/tex/latex/tools/xspace.sty
Package: xspace 2014/10/28 v1.13 Space after command names (DPC,MH)
) (/usr/share/texlive/texmf-dist/tex/latex/relsize/relsize.sty
Package: relsize 2013/03/29 ver 4.1
LaTeX Info: Redefining \larger on input line 150.
LaTeX Info: Redefining \smaller on input line 151.
)
\skiptotal=\skip70
\skiplinenumber=\skip71
\skiprule=\skip72
\skiphlne=\skip73
\skiptext=\skip74
\skiplength=\skip75
\algomargin=\skip76
\skipalgocfslide=\skip77
\algowidth=\dimen157
\inoutsize=\dimen158
\inoutindent=\dimen159
\interspacetitleruled=\dimen160
\interspacealgoruled=\dimen161
\interspacetitleboxruled=\dimen162
\algocf@ruledwidth=\skip78
\algocf@inoutbox=\box35
\algocf@inputbox=\box36
\AlCapSkip=\skip79
\AlCapHSkip=\skip80
\algoskipindent=\skip81
\algocf@nlbox=\box37
\algocf@hangingbox=\box38
\algocf@untilbox=\box39
\algocf@skipuntil=\skip82
\algocf@capbox=\box40
\algocf@lcaptionbox=\skip83
\algoheightruledefault=\skip84
\algoheightrule=\skip85
\algotitleheightruledefault=\skip86
\algotitleheightrule=\skip87
\c@algocfline=\count135
\c@algocfproc=\count136
\c@algocf=\count137
\algocf@algoframe=\box41
\algocf@algobox=\box42
) (/usr/share/texlive/texmf-dist/tex/latex/wrapfig/wrapfig.sty
\wrapoverhang=\dimen163
\WF@size=\dimen164
\c@WF@wrappedlines=\count138
\WF@box=\box43
\WF@everypar=\toks32
Package: wrapfig 2003/01/31  v 3.6
) (/usr/share/texlive/texmf-dist/tex/latex/preprint/balance.sty
Package: balance 1999/02/23 4.3 (PWD)
\oldvsize=\dimen165
) (/usr/share/texlive/texmf-dist/tex/latex/enumitem/enumitem.sty
Package: enumitem 2011/09/28 v3.5.2 Customized lists
\enitkv@toks@=\toks33
\labelindent=\skip88
\enit@outerparindent=\dimen166
\enit@toks=\toks34
\enit@inbox=\box44
\enitdp@description=\count139
) (/usr/share/texlive/texmf-dist/tex/latex/moresize/moresize.sty
Package: moresize 1999/07/26 v1.9 (more font sizes)
) (/usr/share/texlive/texmf-dist/tex/latex/caption/subcaption.sty
Package: subcaption 2016/05/22 v1.1-161 Sub-captions (AR)
\c@subfigure=\count140
\c@subtable=\count141
) (/usr/share/texlive/texmf-dist/tex/latex/oberdiek/epstopdf.sty
Package: epstopdf 2016/05/15 v2.6 Conversion with epstopdf on the fly (HO)
 (/usr/share/texlive/texmf-dist/tex/latex/oberdiek/epstopdf-base.sty
Package: epstopdf-base 2016/05/15 v2.6 Base part for package epstopdf
 (/usr/share/texlive/texmf-dist/tex/latex/oberdiek/grfext.sty
Package: grfext 2016/05/16 v1.2 Manage graphics extensions (HO)
)
Package epstopdf-base Info: Redefining graphics rule for `.eps' on input line 438.
Package grfext Info: Graphics extension search list:
(grfext)             [.pdf,.png,.jpg,.mps,.jpeg,.jbig2,.jb2,.PDF,.PNG,.JPG,.JPEG,.JBIG2,.JB2,.eps]
(grfext)             \AppendGraphicsExtensions on input line 456.
 (/usr/share/texlive/texmf-dist/tex/latex/latexconfig/epstopdf-sys.cfg
File: epstopdf-sys.cfg 2010/07/13 v1.3 Configuration of (r)epstopdf for TeX Live
))) (/usr/share/texlive/texmf-dist/tex/latex/marginnote/marginnote.sty
Package: marginnote 2017/04/22 v1.2b non floating margin notes for LaTeX
\c@mn@abspage=\count142
) (/usr/share/texlive/texmf-dist/tex/latex/multirow/multirow.sty
Package: multirow 2016/11/25 v2.2 Span multiple rows of a table
\multirow@colwidth=\skip89
\multirow@cntb=\count143
\multirow@dima=\skip90
\bigstrutjot=\dimen167
) (/usr/share/texlive/texmf-dist/tex/latex/tools/bm.sty
Package: bm 2017/01/16 v1.2c Bold Symbol Support (DPC/FMi)
\symboldoperators=\mathgroup6
\symboldletters=\mathgroup7
\symboldsymbols=\mathgroup8
LaTeX Font Info:    Redeclaring math alphabet \mathbf on input line 141.
LaTeX Info: Redefining \bm on input line 207.
) (/usr/share/texlive/texmf-dist/tex/latex/tools/array.sty
Package: array 2016/10/06 v2.4d Tabular extension package (FMi)
\col@sep=\dimen168
\extrarowheight=\dimen169
\NC@list=\toks35
\extratabsurround=\skip91
\backup@length=\skip92
)
Package hyperref Info: Option `pdfdisplaydoctitle' set `true' on input line 66.
\c@theorem=\count144
 Excluding comment 'screenonly' Include comment 'printonly' Include comment 'anonsuppress' (/mnt/d/LocalLaptop/BU/courses/2023-Spring/CS_561/Project/LSMRangeDeletes/text/paper-draft/paper.aux

LaTeX Warning: Label `fig:elapsed_time__currently_deleted_keys__P512_B16_E256__normalized' multiply defined.


LaTeX Warning: Label `sub@fig:elapsed_time__currently_deleted_keys__P512_B16_E256__normalized' multiply defined.

)
\openout1 = `paper.aux'.

LaTeX Font Info:    Checking defaults for OML/cmm/m/it on input line 66.
LaTeX Font Info:    ... okay on input line 66.
LaTeX Font Info:    Checking defaults for T1/cmr/m/n on input line 66.
LaTeX Font Info:    ... okay on input line 66.
LaTeX Font Info:    Checking defaults for OT1/cmr/m/n on input line 66.
LaTeX Font Info:    ... okay on input line 66.
LaTeX Font Info:    Checking defaults for OMS/cmsy/m/n on input line 66.
LaTeX Font Info:    ... okay on input line 66.
LaTeX Font Info:    Checking defaults for OMX/cmex/m/n on input line 66.
LaTeX Font Info:    ... okay on input line 66.
LaTeX Font Info:    Checking defaults for U/cmr/m/n on input line 66.
LaTeX Font Info:    ... okay on input line 66.
LaTeX Font Info:    Checking defaults for PD1/pdf/m/n on input line 66.
LaTeX Font Info:    ... okay on input line 66.
LaTeX Font Info:    Checking defaults for PU/pdf/m/n on input line 66.
LaTeX Font Info:    ... okay on input line 66.
<<ot1.cmap>><<oml.cmap>><<oms.cmap>><<omx.cmap>>
LaTeX Font Info:    Try loading font information for U+msa on input line 66.
 (/usr/share/texlive/texmf-dist/tex/latex/amsfonts/umsa.fd
File: umsa.fd 2013/01/14 v3.01 AMS symbols A
)
LaTeX Font Info:    Try loading font information for U+msb on input line 66.
 (/usr/share/texlive/texmf-dist/tex/latex/amsfonts/umsb.fd
File: umsb.fd 2013/01/14 v3.01 AMS symbols B
)
LaTeX Info: Redefining \microtypecontext on input line 66.
Package microtype Info: Generating PDF output.
Package microtype Info: Character protrusion enabled (level 2).
Package microtype Info: Using default protrusion set `alltext'.
Package microtype Info: Automatic font expansion enabled (level 2),
(microtype)             stretch: 20, shrink: 20, step: 1, non-selected.
Package microtype Info: Using default expansion set `basictext'.
Package microtype Info: No adjustment of tracking.
Package microtype Info: No adjustment of interword spacing.
Package microtype Info: No adjustment of character kerning.
 (/usr/share/texlive/texmf-dist/tex/latex/microtype/mt-cmr.cfg
File: mt-cmr.cfg 2013/05/19 v2.2 microtype config. file: Computer Modern Roman (RS)
) ABD: EveryShipout initializing macros
\AtBeginShipoutBox=\box45
 (/usr/share/texlive/texmf-dist/tex/generic/oberdiek/se-pdfdoc.def
File: se-pdfdoc.def 2016/05/16 v1.11 stringenc: PDFDocEncoding
) (/usr/share/texlive/texmf-dist/tex/generic/oberdiek/se-utf8.def
File: se-utf8.def 2016/05/16 v1.11 stringenc: UTF-8
)
Package hyperref Info: Link coloring OFF on input line 66.
 (/usr/share/texlive/texmf-dist/tex/latex/hyperref/nameref.sty
Package: nameref 2016/05/21 v2.44 Cross-referencing by name of section
 (/usr/share/texlive/texmf-dist/tex/generic/oberdiek/gettitlestring.sty
Package: gettitlestring 2016/05/16 v1.5 Cleanup title references (HO)
)
\c@section@level=\count145
)
LaTeX Info: Redefining \ref on input line 66.
LaTeX Info: Redefining \pageref on input line 66.
LaTeX Info: Redefining \nameref on input line 66.
 (/mnt/d/LocalLaptop/BU/courses/2023-Spring/CS_561/Project/LSMRangeDeletes/text/paper-draft/paper.out) (/mnt/d/LocalLaptop/BU/courses/2023-Spring/CS_561/Project/LSMRangeDeletes/text/paper-draft/paper.out)
\@outlinefile=\write5
\openout5 = `paper.out'.

 (/usr/share/texlive/texmf-dist/tex/context/base/mkii/supp-pdf.mkii
[Loading MPS to PDF converter (version 2006.09.02).]
\scratchcounter=\count146
\scratchdimen=\dimen170
\scratchbox=\box46
\nofMPsegments=\count147
\nofMParguments=\count148
\everyMPshowfont=\toks36
\MPscratchCnt=\count149
\MPscratchDim=\dimen171
\MPnumerator=\count150
\makeMPintoPDFobject=\count151
\everyMPtoPDFconversion=\toks37
)
*geometry* driver: auto-detecting
*geometry* detected driver: pdftex
*geometry* verbose mode - [ preamble ] result:
* driver: pdftex
* paper: custom
* layout: <same size as paper>
* layoutoffset:(h,v)=(0.0pt,0.0pt)
* modes: includehead includefoot twoside heightrounded 
* h-part:(L,W,R)=(54.0pt, 506.295pt, 54.0pt)
* v-part:(T,H,B)=(57.0pt, 664.96999pt, 73.0pt)
* \paperwidth=614.295pt
* \paperheight=794.96999pt
* \textwidth=506.295pt
* \textheight=626.0pt
* \oddsidemargin=-18.26999pt
* \evensidemargin=-18.26999pt
* \topmargin=-15.26999pt
* \headheight=13.0pt
* \headsep=14.0pt
* \topskip=10.0pt
* \footskip=12.0pt
* \marginparwidth=24.0pt
* \marginparsep=11.0pt
* \columnsep=24.0pt
* \skip\footins=7.0pt plus 11.0pt
* \hoffset=0.0pt
* \voffset=0.0pt
* \mag=1000
* \@twocolumnfalse
* \@twosidetrue
* \@mparswitchtrue
* \@reversemarginfalse
* (1in=72.27pt=25.4mm, 1cm=28.453pt)

Package caption Info: Begin \AtBeginDocument code.
Package caption Info: float package is loaded.
Package caption Info: wrapfig package is loaded.
Package caption Info: End \AtBeginDocument code.
Package marginnote Info: \pdfoutput not 0 or unimportant and
(marginnote)             \pdflastxpos or \lastxpos available.
(marginnote)             Extended position detection mode activated.
Package microtype Info: Loading generic protrusion settings for font family
(microtype)             `cmss' (encoding: OT1).
(microtype)             For optimal results, create family-specific settings.
(microtype)             See the microtype manual for details.

Class acmart Warning: No city present for an affiliation.


Class acmart Warning: No city present for an affiliation.


Class acmart Warning: No city present for an affiliation.

LaTeX Font Info:    Try loading font information for OMS+cmr on input line 173.
(/usr/share/texlive/texmf-dist/tex/latex/base/omscmr.fd
File: omscmr.fd 2014/09/29 v2.5h Standard LaTeX font definitions
)
LaTeX Font Info:    Font shape `OMS/cmr/m/n' in size <7> not available
(Font)              Font shape `OMS/cmsy/m/n' tried instead on input line 173.
 (/mnt/d/LocalLaptop/BU/courses/2023-Spring/CS_561/Project/LSMRangeDeletes/text/paper-draft/0-abstract.tex)
Underfull \hbox (badness 10000) in paragraph at lines 2--173

 []

(/usr/share/texlive/texmf-dist/tex/latex/microtype/mt-msa.cfg
File: mt-msa.cfg 2006/02/04 v1.1 microtype config. file: AMS symbols (a) (RS)
) (/usr/share/texlive/texmf-dist/tex/latex/microtype/mt-msb.cfg
File: mt-msb.cfg 2005/06/01 v1.0 microtype config. file: AMS symbols (b) (RS)
) (/mnt/d/LocalLaptop/BU/courses/2023-Spring/CS_561/Project/LSMRangeDeletes/text/paper-draft/1-intro.tex
Underfull \hbox (badness 10000) in paragraph at lines 2--6

 []


Underfull \hbox (badness 10000) in paragraph at lines 26--28

 []

) (/mnt/d/LocalLaptop/BU/courses/2023-Spring/CS_561/Project/LSMRangeDeletes/text/paper-draft/2-background.tex) [1.1{/var/lib/texmf/fonts/map/pdftex/updmap/pdftex.map}

] (/mnt/d/LocalLaptop/BU/courses/2023-Spring/CS_561/Project/LSMRangeDeletes/text/paper-draft/3-design_space.tex
Underfull \hbox (badness 10000) in paragraph at lines 1--2

 []


Underfull \hbox (badness 10000) in paragraph at lines 3--4

 []

)
Underfull \hbox (badness 10000) in paragraph at lines 5--187

 []

(/mnt/d/LocalLaptop/BU/courses/2023-Spring/CS_561/Project/LSMRangeDeletes/text/paper-draft/4-solution.tex
Underfull \hbox (badness 10000) in paragraph at lines 3--4

 []


Underfull \vbox (badness 10000) has occurred while \output is active []

)
Underfull \hbox (badness 10000) in paragraph at lines 12--191

 []


Underfull \vbox (badness 2111) has occurred while \output is active []

 [2.2] (/mnt/d/LocalLaptop/BU/courses/2023-Spring/CS_561/Project/LSMRangeDeletes/text/paper-draft/6-experimental_results.tex
<Figures/workload.png, id=93, 620.3175pt x 242.1045pt>
File: Figures/workload.png Graphic file (type png)
<use Figures/workload.png>
Package pdftex.def Info: Figures/workload.png  used on input line 15.
(pdftex.def)             Requested size: 101.25745pt x 39.51698pt.
<Figures/T2_P32_B4_E1024_128p0MB_alpha0p9/T2_P32_B4_E1024_128p0MB_alpha0p9_elapse_time_on_currently_deleted_keys__Skyline.png, id=96, 867.24pt x 578.16pt>
File: Figures/T2_P32_B4_E1024_128p0MB_alpha0p9/T2_P32_B4_E1024_128p0MB_alpha0p9_elapse_time_on_currently_deleted_keys__Skyline.png Graphic file (type png)
<use Figures/T2_P32_B4_E1024_128p0MB_alpha0p9/T2_P32_B4_E1024_128p0MB_alpha0p9_elapse_time_on_currently_deleted_keys__Skyline.png>
Package pdftex.def Info: Figures/T2_P32_B4_E1024_128p0MB_alpha0p9/T2_P32_B4_E1024_128p0MB_alpha0p9_elapse_time_on_currently_deleted_keys__Skyline.png  used on input line 42.
(pdftex.def)             Requested size: 227.83119pt x 151.87955pt.
<Figures/T2_P32_B4_E1024_128p0MB_alpha0p9/T2_P32_B4_E1024_128p0MB_alpha0p9_elapse_time_on_currently_deleted_keys.png, id=97, 867.24pt x 578.16pt>
File: Figures/T2_P32_B4_E1024_128p0MB_alpha0p9/T2_P32_B4_E1024_128p0MB_alpha0p9_elapse_time_on_currently_deleted_keys.png Graphic file (type png)
<use Figures/T2_P32_B4_E1024_128p0MB_alpha0p9/T2_P32_B4_E1024_128p0MB_alpha0p9_elapse_time_on_currently_deleted_keys.png>
Package pdftex.def Info: Figures/T2_P32_B4_E1024_128p0MB_alpha0p9/T2_P32_B4_E1024_128p0MB_alpha0p9_elapse_time_on_currently_deleted_keys.png  used on input line 52.
(pdftex.def)             Requested size: 227.83119pt x 151.87955pt.
<Figures/T2_P32_B4_E1024_128p0MB_alpha0p9/T2_P32_B4_E1024_128p0MB_alpha0p9_timing_breakdown_on_currently_deleted_keys__Skyline.png, id=98, 867.24pt x 578.16pt>
File: Figures/T2_P32_B4_E1024_128p0MB_alpha0p9/T2_P32_B4_E1024_128p0MB_alpha0p9_timing_breakdown_on_currently_deleted_keys__Skyline.png Graphic file (type png)
<use Figures/T2_P32_B4_E1024_128p0MB_alpha0p9/T2_P32_B4_E1024_128p0MB_alpha0p9_timing_breakdown_on_currently_deleted_keys__Skyline.png>
Package pdftex.def Info: Figures/T2_P32_B4_E1024_128p0MB_alpha0p9/T2_P32_B4_E1024_128p0MB_alpha0p9_timing_breakdown_on_currently_deleted_keys__Skyline.png  used on input line 61.
(pdftex.def)             Requested size: 216.80946pt x 144.53964pt.
<Figures/T2_P32_B4_E1024_128p0MB_alpha0p9/T2_P32_B4_E1024_128p0MB_alpha0p9_elapse_time_on_existing_keys.png, id=99, 867.24pt x 578.16pt>
File: Figures/T2_P32_B4_E1024_128p0MB_alpha0p9/T2_P32_B4_E1024_128p0MB_alpha0p9_elapse_time_on_existing_keys.png Graphic file (type png)
<use Figures/T2_P32_B4_E1024_128p0MB_alpha0p9/T2_P32_B4_E1024_128p0MB_alpha0p9_elapse_time_on_existing_keys.png>
Package pdftex.def Info: Figures/T2_P32_B4_E1024_128p0MB_alpha0p9/T2_P32_B4_E1024_128p0MB_alpha0p9_elapse_time_on_existing_keys.png  used on input line 70.
(pdftex.def)             Requested size: 216.80946pt x 144.53964pt.
<Figures/T2_P32_B4_E1024_128p0MB_alpha0p9/T2_P32_B4_E1024_128p0MB_alpha0p9_IOs_on_currently_deleted_keys__Skyline.png, id=100, 867.24pt x 578.16pt>
File: Figures/T2_P32_B4_E1024_128p0MB_alpha0p9/T2_P32_B4_E1024_128p0MB_alpha0p9_IOs_on_currently_deleted_keys__Skyline.png Graphic file (type png)
<use Figures/T2_P32_B4_E1024_128p0MB_alpha0p9/T2_P32_B4_E1024_128p0MB_alpha0p9_IOs_on_currently_deleted_keys__Skyline.png>
Package pdftex.def Info: Figures/T2_P32_B4_E1024_128p0MB_alpha0p9/T2_P32_B4_E1024_128p0MB_alpha0p9_IOs_on_currently_deleted_keys__Skyline.png  used on input line 79.
(pdftex.def)             Requested size: 216.80946pt x 144.53964pt.
<Figures/T2_P32_B4_E1024_128p0MB_alpha0p9/T2_P32_B4_E1024_128p0MB_alpha0p9_IOs_on_currently_deleted_keys.png, id=101, 867.24pt x 578.16pt>
File: Figures/T2_P32_B4_E1024_128p0MB_alpha0p9/T2_P32_B4_E1024_128p0MB_alpha0p9_IOs_on_currently_deleted_keys.png Graphic file (type png)
<use Figures/T2_P32_B4_E1024_128p0MB_alpha0p9/T2_P32_B4_E1024_128p0MB_alpha0p9_IOs_on_currently_deleted_keys.png>
Package pdftex.def Info: Figures/T2_P32_B4_E1024_128p0MB_alpha0p9/T2_P32_B4_E1024_128p0MB_alpha0p9_IOs_on_currently_deleted_keys.png  used on input line 88.
(pdftex.def)             Requested size: 216.80946pt x 144.53964pt.
<Figures/T2_P32_B4_E1024_128p0MB_alpha0p9/T2_P32_B4_E1024_128p0MB_alpha0p9_Numbers_of_Ranges__Skyline.png, id=102, 867.24pt x 578.16pt>
File: Figures/T2_P32_B4_E1024_128p0MB_alpha0p9/T2_P32_B4_E1024_128p0MB_alpha0p9_Numbers_of_Ranges__Skyline.png Graphic file (type png)
<use Figures/T2_P32_B4_E1024_128p0MB_alpha0p9/T2_P32_B4_E1024_128p0MB_alpha0p9_Numbers_of_Ranges__Skyline.png>
Package pdftex.def Info: Figures/T2_P32_B4_E1024_128p0MB_alpha0p9/T2_P32_B4_E1024_128p0MB_alpha0p9_Numbers_of_Ranges__Skyline.png  used on input line 97.
(pdftex.def)             Requested size: 216.80946pt x 144.53964pt.
<Figures/T2_P32_B4_E1024_128p0MB_alpha0p9/T2_P32_B4_E1024_128p0MB_alpha0p9___I_100000_RD_100_Sel_0p001__alpha_0p9_growth_of_RDs.png, id=103, 462.528pt x 346.896pt>
File: Figures/T2_P32_B4_E1024_128p0MB_alpha0p9/T2_P32_B4_E1024_128p0MB_alpha0p9___I_100000_RD_100_Sel_0p001__alpha_0p9_growth_of_RDs.png Graphic file (type png)
<use Figures/T2_P32_B4_E1024_128p0MB_alpha0p9/T2_P32_B4_E1024_128p0MB_alpha0p9___I_100000_RD_100_Sel_0p001__alpha_0p9_growth_of_RDs.png>
Package pdftex.def Info: Figures/T2_P32_B4_E1024_128p0MB_alpha0p9/T2_P32_B4_E1024_128p0MB_alpha0p9___I_100000_RD_100_Sel_0p001__alpha_0p9_growth_of_RDs.png  used on input line 106.
(pdftex.def)             Requested size: 231.26343pt x 173.44757pt.
 [3.3 </mnt/d/LocalLaptop/BU/courses/2023-Spring/CS_561/Project/LSMRangeDeletes/text/paper-draft/Figures/workload.png> </mnt/d/LocalLaptop/BU/courses/2023-Spring/CS_561/Project/LSMRangeDeletes/text/paper-draft/Figures/T2_P32_B4_E1024_128p0MB_alpha0p9/T2_P32_B4_E1024_128p0MB_alpha0p9_elapse_time_on_currently_deleted_keys__Skyline.png> </mnt/d/LocalLaptop/BU/courses/2023-Spring/CS_561/Project/LSMRangeDeletes/text/paper-draft/Figures/T2_P32_B4_E1024_128p0MB_alpha0p9/T2_P32_B4_E1024_128p0MB_alpha0p9_elapse_time_on_currently_deleted_keys.png>] [4.4 </mnt/d/LocalLaptop/BU/courses/2023-Spring/CS_561/Project/LSMRangeDeletes/text/paper-draft/Figures/T2_P32_B4_E1024_128p0MB_alpha0p9/T2_P32_B4_E1024_128p0MB_alpha0p9_timing_breakdown_on_currently_deleted_keys__Skyline.png> </mnt/d/LocalLaptop/BU/courses/2023-Spring/CS_561/Project/LSMRangeDeletes/text/paper-draft/Figures/T2_P32_B4_E1024_128p0MB_alpha0p9/T2_P32_B4_E1024_128p0MB_alpha0p9_elapse_time_on_existing_keys.png> </mnt/d/LocalLaptop/BU/courses/2023-Spring/CS_561/Project/LSMRangeDeletes/text/paper-draft/Figures/T2_P32_B4_E1024_128p0MB_alpha0p9/T2_P32_B4_E1024_128p0MB_alpha0p9_IOs_on_currently_deleted_keys__Skyline.png> </mnt/d/LocalLaptop/BU/courses/2023-Spring/CS_561/Project/LSMRangeDeletes/text/paper-draft/Figures/T2_P32_B4_E1024_128p0MB_alpha0p9/T2_P32_B4_E1024_128p0MB_alpha0p9_IOs_on_currently_deleted_keys.png> </mnt/d/LocalLaptop/BU/courses/2023-Spring/CS_561/Project/LSMRangeDeletes/text/paper-draft/Figures/T2_P32_B4_E1024_128p0MB_alpha0p9/T2_P32_B4_E1024_128p0MB_alpha0p9_Numbers_of_Ranges__Skyline.png> </mnt/d/LocalLaptop/BU/courses/2023-Spring/CS_561/Project/LSMRangeDeletes/text/paper-draft/Figures/T2_P32_B4_E1024_128p0MB_alpha0p9/T2_P32_B4_E1024_128p0MB_alpha0p9___I_100000_RD_100_Sel_0p001__alpha_0p9_growth_of_RDs.png>]
<Figures/T2_P32_B4_E1024_128p0MB_alpha0p5/T2_P32_B4_E1024_128p0MB_alpha0p5_Numbers_of_Ranges__Skyline.png, id=139, 867.24pt x 578.16pt>
File: Figures/T2_P32_B4_E1024_128p0MB_alpha0p5/T2_P32_B4_E1024_128p0MB_alpha0p5_Numbers_of_Ranges__Skyline.png Graphic file (type png)
<use Figures/T2_P32_B4_E1024_128p0MB_alpha0p5/T2_P32_B4_E1024_128p0MB_alpha0p5_Numbers_of_Ranges__Skyline.png>
Package pdftex.def Info: Figures/T2_P32_B4_E1024_128p0MB_alpha0p5/T2_P32_B4_E1024_128p0MB_alpha0p5_Numbers_of_Ranges__Skyline.png  used on input line 138.
(pdftex.def)             Requested size: 216.80946pt x 144.53964pt.
<Figures/T2_P32_B4_E1024_128p0MB_alpha0p1/T2_P32_B4_E1024_128p0MB_alpha0p1_Numbers_of_Ranges__Skyline.png, id=140, 867.24pt x 578.16pt>
File: Figures/T2_P32_B4_E1024_128p0MB_alpha0p1/T2_P32_B4_E1024_128p0MB_alpha0p1_Numbers_of_Ranges__Skyline.png Graphic file (type png)
<use Figures/T2_P32_B4_E1024_128p0MB_alpha0p1/T2_P32_B4_E1024_128p0MB_alpha0p1_Numbers_of_Ranges__Skyline.png>
Package pdftex.def Info: Figures/T2_P32_B4_E1024_128p0MB_alpha0p1/T2_P32_B4_E1024_128p0MB_alpha0p1_Numbers_of_Ranges__Skyline.png  used on input line 146.
(pdftex.def)             Requested size: 216.80946pt x 144.53964pt.
File: Figures/T2_P32_B4_E1024_128p0MB_alpha0p9/T2_P32_B4_E1024_128p0MB_alpha0p9_IOs_on_currently_deleted_keys.png Graphic file (type png)
<use Figures/T2_P32_B4_E1024_128p0MB_alpha0p9/T2_P32_B4_E1024_128p0MB_alpha0p9_IOs_on_currently_deleted_keys.png>
Package pdftex.def Info: Figures/T2_P32_B4_E1024_128p0MB_alpha0p9/T2_P32_B4_E1024_128p0MB_alpha0p9_IOs_on_currently_deleted_keys.png  used on input line 193.
(pdftex.def)             Requested size: 216.80946pt x 144.53964pt.
<Figures/T2_P32_B16_E256_128p0MB_alpha0p9/T2_P32_B16_E256_128p0MB_alpha0p9_IOs_on_currently_deleted_keys.png, id=144, 867.24pt x 578.16pt>
File: Figures/T2_P32_B16_E256_128p0MB_alpha0p9/T2_P32_B16_E256_128p0MB_alpha0p9_IOs_on_currently_deleted_keys.png Graphic file (type png)
<use Figures/T2_P32_B16_E256_128p0MB_alpha0p9/T2_P32_B16_E256_128p0MB_alpha0p9_IOs_on_currently_deleted_keys.png>
Package pdftex.def Info: Figures/T2_P32_B16_E256_128p0MB_alpha0p9/T2_P32_B16_E256_128p0MB_alpha0p9_IOs_on_currently_deleted_keys.png  used on input line 201.
(pdftex.def)             Requested size: 216.80946pt x 144.53964pt.
<Figures/T2_P32_B64_E64_128p0MB_alpha0p9/T2_P32_B64_E64_128p0MB_alpha0p9_IOs_on_currently_deleted_keys.png, id=145, 867.24pt x 578.16pt>
File: Figures/T2_P32_B64_E64_128p0MB_alpha0p9/T2_P32_B64_E64_128p0MB_alpha0p9_IOs_on_currently_deleted_keys.png Graphic file (type png)
<use Figures/T2_P32_B64_E64_128p0MB_alpha0p9/T2_P32_B64_E64_128p0MB_alpha0p9_IOs_on_currently_deleted_keys.png>
Package pdftex.def Info: Figures/T2_P32_B64_E64_128p0MB_alpha0p9/T2_P32_B64_E64_128p0MB_alpha0p9_IOs_on_currently_deleted_keys.png  used on input line 209.
(pdftex.def)             Requested size: 216.80946pt x 144.53964pt.
 [5.5 </mnt/d/LocalLaptop/BU/courses/2023-Spring/CS_561/Project/LSMRangeDeletes/text/paper-draft/Figures/T2_P32_B4_E1024_128p0MB_alpha0p5/T2_P32_B4_E1024_128p0MB_alpha0p5_Numbers_of_Ranges__Skyline.png> </mnt/d/LocalLaptop/BU/courses/2023-Spring/CS_561/Project/LSMRangeDeletes/text/paper-draft/Figures/T2_P32_B4_E1024_128p0MB_alpha0p1/T2_P32_B4_E1024_128p0MB_alpha0p1_Numbers_of_Ranges__Skyline.png> </mnt/d/LocalLaptop/BU/courses/2023-Spring/CS_561/Project/LSMRangeDeletes/text/paper-draft/Figures/T2_P32_B16_E256_128p0MB_alpha0p9/T2_P32_B16_E256_128p0MB_alpha0p9_IOs_on_currently_deleted_keys.png> </mnt/d/LocalLaptop/BU/courses/2023-Spring/CS_561/Project/LSMRangeDeletes/text/paper-draft/Figures/T2_P32_B64_E64_128p0MB_alpha0p9/T2_P32_B64_E64_128p0MB_alpha0p9_IOs_on_currently_deleted_keys.png>]
<Figures/Varying_on_numbers_of_RDs/T2_P512_B4_E1024_2048p0KB_alpha0p9/T2_P512_B4_E1024_2048p0KB_alpha0p9_timing_breakdown_on_currently_deleted_keys.png, id=162, 867.24pt x 578.16pt>
File: Figures/Varying_on_numbers_of_RDs/T2_P512_B4_E1024_2048p0KB_alpha0p9/T2_P512_B4_E1024_2048p0KB_alpha0p9_timing_breakdown_on_currently_deleted_keys.png Graphic file (type png)
<use Figures/Varying_on_numbers_of_RDs/T2_P512_B4_E1024_2048p0KB_alpha0p9/T2_P512_B4_E1024_2048p0KB_alpha0p9_timing_breakdown_on_currently_deleted_keys.png>
Package pdftex.def Info: Figures/Varying_on_numbers_of_RDs/T2_P512_B4_E1024_2048p0KB_alpha0p9/T2_P512_B4_E1024_2048p0KB_alpha0p9_timing_breakdown_on_currently_deleted_keys.png  used on input line 232.
(pdftex.def)             Requested size: 195.12057pt x 130.08621pt.
<Figures/Varying_on_numbers_of_RDs/T2_P512_B16_E256_2048p0KB_alpha0p9/T2_P512_B16_E256_2048p0KB_alpha0p9_timing_breakdown_on_currently_deleted_keys.png, id=163, 867.24pt x 578.16pt>
File: Figures/Varying_on_numbers_of_RDs/T2_P512_B16_E256_2048p0KB_alpha0p9/T2_P512_B16_E256_2048p0KB_alpha0p9_timing_breakdown_on_currently_deleted_keys.png Graphic file (type png)
<use Figures/Varying_on_numbers_of_RDs/T2_P512_B16_E256_2048p0KB_alpha0p9/T2_P512_B16_E256_2048p0KB_alpha0p9_timing_breakdown_on_currently_deleted_keys.png>
Package pdftex.def Info: Figures/Varying_on_numbers_of_RDs/T2_P512_B16_E256_2048p0KB_alpha0p9/T2_P512_B16_E256_2048p0KB_alpha0p9_timing_breakdown_on_currently_deleted_keys.png  used on input line 241.
(pdftex.def)             Requested size: 195.12057pt x 130.08621pt.
<Figures/Varying_on_numbers_of_RDs/T2_P512_B64_E64_2048p0KB_alpha0p9/T2_P512_B64_E64_2048p0KB_alpha0p9_timing_breakdown_on_currently_deleted_keys.png, id=164, 867.24pt x 578.16pt>
File: Figures/Varying_on_numbers_of_RDs/T2_P512_B64_E64_2048p0KB_alpha0p9/T2_P512_B64_E64_2048p0KB_alpha0p9_timing_breakdown_on_currently_deleted_keys.png Graphic file (type png)
<use Figures/Varying_on_numbers_of_RDs/T2_P512_B64_E64_2048p0KB_alpha0p9/T2_P512_B64_E64_2048p0KB_alpha0p9_timing_breakdown_on_currently_deleted_keys.png>
Package pdftex.def Info: Figures/Varying_on_numbers_of_RDs/T2_P512_B64_E64_2048p0KB_alpha0p9/T2_P512_B64_E64_2048p0KB_alpha0p9_timing_breakdown_on_currently_deleted_keys.png  used on input line 250.
(pdftex.def)             Requested size: 195.12057pt x 130.08621pt.
<Figures/Varying_on_numbers_of_RDs/T2_P512_B256_E16_2048p0KB_alpha0p9/T2_P512_B256_E16_2048p0KB_alpha0p9_timing_breakdown_on_currently_deleted_keys.png, id=165, 867.24pt x 578.16pt>
File: Figures/Varying_on_numbers_of_RDs/T2_P512_B256_E16_2048p0KB_alpha0p9/T2_P512_B256_E16_2048p0KB_alpha0p9_timing_breakdown_on_currently_deleted_keys.png Graphic file (type png)
<use Figures/Varying_on_numbers_of_RDs/T2_P512_B256_E16_2048p0KB_alpha0p9/T2_P512_B256_E16_2048p0KB_alpha0p9_timing_breakdown_on_currently_deleted_keys.png>
Package pdftex.def Info: Figures/Varying_on_numbers_of_RDs/T2_P512_B256_E16_2048p0KB_alpha0p9/T2_P512_B256_E16_2048p0KB_alpha0p9_timing_breakdown_on_currently_deleted_keys.png  used on input line 259.
(pdftex.def)             Requested size: 195.12057pt x 130.08621pt.


Class acmart Warning: A possible image without description on input line 265.

<Figures/Varying_on_numbers_of_RDs/T2_P512_B4_E1024_2048p0KB_alpha0p9/T2_P512_B4_E1024_2048p0KB_alpha0p9_timing_breakdown_on_currently_deleted_keys__normalized.png, id=166, 867.24pt x 578.16pt>
File: Figures/Varying_on_numbers_of_RDs/T2_P512_B4_E1024_2048p0KB_alpha0p9/T2_P512_B4_E1024_2048p0KB_alpha0p9_timing_breakdown_on_currently_deleted_keys__normalized.png Graphic file (type png)
<use Figures/Varying_on_numbers_of_RDs/T2_P512_B4_E1024_2048p0KB_alpha0p9/T2_P512_B4_E1024_2048p0KB_alpha0p9_timing_breakdown_on_currently_deleted_keys__normalized.png>
Package pdftex.def Info: Figures/Varying_on_numbers_of_RDs/T2_P512_B4_E1024_2048p0KB_alpha0p9/T2_P512_B4_E1024_2048p0KB_alpha0p9_timing_breakdown_on_currently_deleted_keys__normalized.png  used on input line 273.
(pdftex.def)             Requested size: 195.12057pt x 130.08621pt.
<Figures/Varying_on_numbers_of_RDs/T2_P512_B16_E256_2048p0KB_alpha0p9/T2_P512_B16_E256_2048p0KB_alpha0p9_timing_breakdown_on_currently_deleted_keys__normalized.png, id=167, 867.24pt x 578.16pt>
File: Figures/Varying_on_numbers_of_RDs/T2_P512_B16_E256_2048p0KB_alpha0p9/T2_P512_B16_E256_2048p0KB_alpha0p9_timing_breakdown_on_currently_deleted_keys__normalized.png Graphic file (type png)
<use Figures/Varying_on_numbers_of_RDs/T2_P512_B16_E256_2048p0KB_alpha0p9/T2_P512_B16_E256_2048p0KB_alpha0p9_timing_breakdown_on_currently_deleted_keys__normalized.png>
Package pdftex.def Info: Figures/Varying_on_numbers_of_RDs/T2_P512_B16_E256_2048p0KB_alpha0p9/T2_P512_B16_E256_2048p0KB_alpha0p9_timing_breakdown_on_currently_deleted_keys__normalized.png  used on input line 282.
(pdftex.def)             Requested size: 195.12057pt x 130.08621pt.
<Figures/Varying_on_numbers_of_RDs/T2_P512_B64_E64_2048p0KB_alpha0p9/T2_P512_B64_E64_2048p0KB_alpha0p9_timing_breakdown_on_currently_deleted_keys__normalized.png, id=168, 867.24pt x 578.16pt>
File: Figures/Varying_on_numbers_of_RDs/T2_P512_B64_E64_2048p0KB_alpha0p9/T2_P512_B64_E64_2048p0KB_alpha0p9_timing_breakdown_on_currently_deleted_keys__normalized.png Graphic file (type png)
<use Figures/Varying_on_numbers_of_RDs/T2_P512_B64_E64_2048p0KB_alpha0p9/T2_P512_B64_E64_2048p0KB_alpha0p9_timing_breakdown_on_currently_deleted_keys__normalized.png>
Package pdftex.def Info: Figures/Varying_on_numbers_of_RDs/T2_P512_B64_E64_2048p0KB_alpha0p9/T2_P512_B64_E64_2048p0KB_alpha0p9_timing_breakdown_on_currently_deleted_keys__normalized.png  used on input line 291.
(pdftex.def)             Requested size: 195.12057pt x 130.08621pt.
<Figures/Varying_on_numbers_of_RDs/T2_P512_B256_E16_2048p0KB_alpha0p9/T2_P512_B256_E16_2048p0KB_alpha0p9_timing_breakdown_on_currently_deleted_keys__normalized.png, id=169, 867.24pt x 578.16pt>
File: Figures/Varying_on_numbers_of_RDs/T2_P512_B256_E16_2048p0KB_alpha0p9/T2_P512_B256_E16_2048p0KB_alpha0p9_timing_breakdown_on_currently_deleted_keys__normalized.png Graphic file (type png)
<use Figures/Varying_on_numbers_of_RDs/T2_P512_B256_E16_2048p0KB_alpha0p9/T2_P512_B256_E16_2048p0KB_alpha0p9_timing_breakdown_on_currently_deleted_keys__normalized.png>
Package pdftex.def Info: Figures/Varying_on_numbers_of_RDs/T2_P512_B256_E16_2048p0KB_alpha0p9/T2_P512_B256_E16_2048p0KB_alpha0p9_timing_breakdown_on_currently_deleted_keys__normalized.png  used on input line 300.
(pdftex.def)             Requested size: 195.12057pt x 130.08621pt.

Class acmart Warning: A possible image without description on input line 306.

) (/mnt/d/LocalLaptop/BU/courses/2023-Spring/CS_561/Project/LSMRangeDeletes/text/paper-draft/7-related_work.tex) (/mnt/d/LocalLaptop/BU/courses/2023-Spring/CS_561/Project/LSMRangeDeletes/text/paper-draft/8-conclusion.tex) (/mnt/d/LocalLaptop/BU/courses/2023-Spring/CS_561/Project/LSMRangeDeletes/text/paper-draft/biblio.tex (/mnt/d/LocalLaptop/BU/courses/2023-Spring/CS_561/Project/LSMRangeDeletes/text/paper-draft/paper.bbl

Package natbib Warning: Empty `thebibliography' environment on input line 3.

))

Class acmart Warning: Some images may lack descriptions.


Class acmart Warning: ACM keywords are mandatory for papers over two pages.


Class acmart Warning: CCS concepts are mandatory for papers over two pages.

[6.6] [7.7 </mnt/d/LocalLaptop/BU/courses/2023-Spring/CS_561/Project/LSMRangeDeletes/text/paper-draft/Figures/Varying_on_numbers_of_RDs/T2_P512_B4_E1024_2048p0KB_alpha0p9/T2_P512_B4_E1024_2048p0KB_alpha0p9_timing_breakdown_on_currently_deleted_keys.png> </mnt/d/LocalLaptop/BU/courses/2023-Spring/CS_561/Project/LSMRangeDeletes/text/paper-draft/Figures/Varying_on_numbers_of_RDs/T2_P512_B16_E256_2048p0KB_alpha0p9/T2_P512_B16_E256_2048p0KB_alpha0p9_timing_breakdown_on_currently_deleted_keys.png> </mnt/d/LocalLaptop/BU/courses/2023-Spring/CS_561/Project/LSMRangeDeletes/text/paper-draft/Figures/Varying_on_numbers_of_RDs/T2_P512_B64_E64_2048p0KB_alpha0p9/T2_P512_B64_E64_2048p0KB_alpha0p9_timing_breakdown_on_currently_deleted_keys.png> </mnt/d/LocalLaptop/BU/courses/2023-Spring/CS_561/Project/LSMRangeDeletes/text/paper-draft/Figures/Varying_on_numbers_of_RDs/T2_P512_B256_E16_2048p0KB_alpha0p9/T2_P512_B256_E16_2048p0KB_alpha0p9_timing_breakdown_on_currently_deleted_keys.png>]
Package atenddvi Info: Last page = 8.
 [8.8 </mnt/d/LocalLaptop/BU/courses/2023-Spring/CS_561/Project/LSMRangeDeletes/text/paper-draft/Figures/Varying_on_numbers_of_RDs/T2_P512_B4_E1024_2048p0KB_alpha0p9/T2_P512_B4_E1024_2048p0KB_alpha0p9_timing_breakdown_on_currently_deleted_keys__normalized.png> </mnt/d/LocalLaptop/BU/courses/2023-Spring/CS_561/Project/LSMRangeDeletes/text/paper-draft/Figures/Varying_on_numbers_of_RDs/T2_P512_B16_E256_2048p0KB_alpha0p9/T2_P512_B16_E256_2048p0KB_alpha0p9_timing_breakdown_on_currently_deleted_keys__normalized.png> </mnt/d/LocalLaptop/BU/courses/2023-Spring/CS_561/Project/LSMRangeDeletes/text/paper-draft/Figures/Varying_on_numbers_of_RDs/T2_P512_B64_E64_2048p0KB_alpha0p9/T2_P512_B64_E64_2048p0KB_alpha0p9_timing_breakdown_on_currently_deleted_keys__normalized.png> </mnt/d/LocalLaptop/BU/courses/2023-Spring/CS_561/Project/LSMRangeDeletes/text/paper-draft/Figures/Varying_on_numbers_of_RDs/T2_P512_B256_E16_2048p0KB_alpha0p9/T2_P512_B256_E16_2048p0KB_alpha0p9_timing_breakdown_on_currently_deleted_keys__normalized.png>]
Package atveryend Info: Empty hook `BeforeClearDocument' on input line 214.
Package atveryend Info: Executing hook `AfterLastShipout' on input line 214.
 (/mnt/d/LocalLaptop/BU/courses/2023-Spring/CS_561/Project/LSMRangeDeletes/text/paper-draft/paper.aux)
Package atveryend Info: Executing hook `AtVeryEndDocument' on input line 214.
Package atveryend Info: Executing hook `AtEndAfterFileList' on input line 214.
Package rerunfilecheck Info: File `paper.out' has not changed.
(rerunfilecheck)             Checksum: 54C240C68EA30581850827EF3A1EF94B;1754.


LaTeX Warning: There were multiply-defined labels.

 ) 
Here is how much of TeX's memory you used:
 17793 strings out of 494847
 277890 string characters out of 6179081
 441878 words of memory out of 5000000
 20383 multiletter control sequences out of 15000+600000
 20056 words of font info for 116 fonts, out of 8000000 for 9000
 220 hyphenation exceptions out of 8191
 60i,11n,94p,1081b,628s stack positions out of 5000i,500n,10000p,200000b,80000s
</usr/share/texlive/texmf-dist/fonts/type1/public/amsfonts/cm/cmbx10.pfb></usr/share/texlive/texmf-dist/fonts/type1/public/amsfonts/cm/cmbx8.pfb></usr/share/texlive/texmf-dist/fonts/type1/public/amsfonts/cm/cmbx9.pfb></usr/share/texlive/texmf-dist/fonts/type1/public/amsfonts/cm/cmmi8.pfb></usr/share/texlive/texmf-dist/fonts/type1/public/amsfonts/cm/cmmi9.pfb></usr/share/texlive/texmf-dist/fonts/type1/public/amsfonts/cm/cmr10.pfb></usr/share/texlive/texmf-dist/fonts/type1/public/amsfonts/cm/cmr12.pfb></usr/share/texlive/texmf-dist/fonts/type1/public/amsfonts/cm/cmr7.pfb></usr/share/texlive/texmf-dist/fonts/type1/public/amsfonts/cm/cmr8.pfb></usr/share/texlive/texmf-dist/fonts/type1/public/amsfonts/cm/cmr9.pfb></usr/share/texlive/texmf-dist/fonts/type1/public/amsfonts/cm/cmss8.pfb></usr/share/texlive/texmf-dist/fonts/type1/public/amsfonts/cm/cmssbx10.pfb></usr/share/texlive/texmf-dist/fonts/type1/public/amsfonts/cm/cmsy7.pfb></usr/share/texlive/texmf-dist/fonts/type1/public/amsfonts/cm/cmsy9.pfb></usr/share/texlive/texmf-dist/fonts/type1/public/amsfonts/cm/cmti7.pfb></usr/share/texlive/texmf-dist/fonts/type1/public/amsfonts/cm/cmti8.pfb>
Output written on /mnt/d/LocalLaptop/BU/courses/2023-Spring/CS_561/Project/LSMRangeDeletes/text/paper-draft/paper.pdf (8 pages, 1410999 bytes).
PDF statistics:
 277 PDF objects out of 1000 (max. 8388607)
 186 compressed objects within 2 object streams
 41 named destinations out of 1000 (max. 500000)
 22254 words of extra memory for PDF output out of 24883 (max. 10000000)

